// Jest Snapshot v1, https://goo.gl/fbAQLP

exports[`LearnerDashboardHeader render 1`] = `
<Fragment>
  <ConfirmEmailBanner />
  <RobboHeader
    activeSection="dashboard"
    collapseNavIntoUserMenuOnNarrow={true}
    onCatalogClick={[Function]}
    showUserDropdown={true}
  />
  <MasqueradeBar />
</Fragment>
`;
