// Jest Snapshot v1, https://goo.gl/fbAQLP

exports[`DashboardLayout snapshot 1`] = `
<Container
  fluid={true}
  size="xl"
>
  <Row
    className="dashboard-main-row justify-content-center"
  >
    <Col
      className="course-list-column"
      lg={
        {
          "offset": 0,
          "span": 12,
        }
      }
      xl={
        {
          "offset": 0,
          "span": 12,
        }
      }
    >
      test-children
    </Col>
  </Row>
</Container>
`;
